<cfg BasicBlock@0-c> -> [<cfg BasicBlock@d-40>, <cfg BasicBlock@af-b3>]
<cfg BasicBlock@109-11c> -> [<cfg BasicBlock@11d-135>, <cfg BasicBlock@136-143>]
<cfg BasicBlock@11d-135> -> [<cfg BasicBlock@136-143>]
<cfg BasicBlock@136-143> -> []
<cfg BasicBlock@144-14b> -> [<cfg BasicBlock@14c-14f>, <cfg BasicBlock@150-18e>]
<cfg BasicBlock@14c-14f> -> []
<cfg BasicBlock@150-18e> -> [<cfg BasicBlock@5b9-6aa>]
<cfg BasicBlock@18f-1a8> -> []
<cfg BasicBlock@1a9-1b0> -> [<cfg BasicBlock@1b1-1b4>, <cfg BasicBlock@1b5-1bd>]
<cfg BasicBlock@1b1-1b4> -> []
<cfg BasicBlock@1b5-1bd> -> [<cfg BasicBlock@6ab-6b0>]
<cfg BasicBlock@1be-1d3> -> []
<cfg BasicBlock@1d4-1db> -> [<cfg BasicBlock@1dc-1df>, <cfg BasicBlock@1e0-23e>]
<cfg BasicBlock@1dc-1df> -> []
<cfg BasicBlock@1e0-23e> -> [<cfg BasicBlock@6b1-77c>]
<cfg BasicBlock@23f-258> -> []
<cfg BasicBlock@259-260> -> [<cfg BasicBlock@261-264>, <cfg BasicBlock@265-299>]
<cfg BasicBlock@261-264> -> []
<cfg BasicBlock@265-299> -> [<cfg BasicBlock@94b-962>]
<cfg BasicBlock@29a-2af> -> []
<cfg BasicBlock@2b0-2b7> -> [<cfg BasicBlock@2b8-2bb>, <cfg BasicBlock@2bc-2c4>]
<cfg BasicBlock@2b8-2bb> -> []
<cfg BasicBlock@2bc-2c4> -> [<cfg BasicBlock@963-975>]
<cfg BasicBlock@2c5-2e0> -> []
<cfg BasicBlock@2e1-2e8> -> [<cfg BasicBlock@2e9-2ec>, <cfg BasicBlock@2ed-341>]
<cfg BasicBlock@2e9-2ec> -> []
<cfg BasicBlock@2ed-341> -> [<cfg BasicBlock@976-99a>]
<cfg BasicBlock@342-357> -> []
<cfg BasicBlock@358-35f> -> [<cfg BasicBlock@360-363>, <cfg BasicBlock@364-398>]
<cfg BasicBlock@360-363> -> []
<cfg BasicBlock@364-398> -> [<cfg BasicBlock@99b-9e3>]
<cfg BasicBlock@399-3ae> -> []
<cfg BasicBlock@3af-3b6> -> [<cfg BasicBlock@3b7-3ba>, <cfg BasicBlock@3bb-3c3>]
<cfg BasicBlock@3b7-3ba> -> []
<cfg BasicBlock@3bb-3c3> -> [<cfg BasicBlock@9e4-a33>]
<cfg BasicBlock@3c4-3e7> -> [<cfg BasicBlock@3e9-3f1>]
<cfg BasicBlock@3e9-3f1> -> [<cfg BasicBlock@3f2-403>, <cfg BasicBlock@404-417>]
<cfg BasicBlock@3f2-403> -> [<cfg BasicBlock@3e9-3f1>]
<cfg BasicBlock@404-417> -> [<cfg BasicBlock@418-430>, <cfg BasicBlock@431-43e>]
<cfg BasicBlock@41-4b> -> [<cfg BasicBlock@4c-56>, <cfg BasicBlock@144-14b>]
<cfg BasicBlock@418-430> -> [<cfg BasicBlock@431-43e>]
<cfg BasicBlock@431-43e> -> []
<cfg BasicBlock@43f-446> -> [<cfg BasicBlock@447-44a>, <cfg BasicBlock@44b-489>]
<cfg BasicBlock@447-44a> -> []
<cfg BasicBlock@44b-489> -> [<cfg BasicBlock@a82-acd>]
<cfg BasicBlock@48a-4a3> -> []
<cfg BasicBlock@4a4-4ab> -> [<cfg BasicBlock@4ac-4af>, <cfg BasicBlock@4b0-504>]
<cfg BasicBlock@4ac-4af> -> []
<cfg BasicBlock@4b0-504> -> [<cfg BasicBlock@bdb-c61>]
<cfg BasicBlock@4c-56> -> [<cfg BasicBlock@57-61>, <cfg BasicBlock@1a9-1b0>]
<cfg BasicBlock@505-51a> -> []
<cfg BasicBlock@51b-56a> -> [<cfg BasicBlock@56b-572>, <cfg BasicBlock@5b1-5b8>]
<cfg BasicBlock@56b-572> -> [<cfg BasicBlock@573-585>, <cfg BasicBlock@586-593>]
<cfg BasicBlock@573-585> -> [<cfg BasicBlock@5b1-5b8>]
<cfg BasicBlock@57-61> -> [<cfg BasicBlock@62-6c>, <cfg BasicBlock@1d4-1db>]
<cfg BasicBlock@586-593> -> [<cfg BasicBlock@594-5a7>]
<cfg BasicBlock@594-5a7> -> [<cfg BasicBlock@594-5a7>, <cfg BasicBlock@5a8-5b0>]
<cfg BasicBlock@5a8-5b0> -> [<cfg BasicBlock@5b1-5b8>]
<cfg BasicBlock@5b1-5b8> -> [<cfg BasicBlock@c9-ec>]
<cfg BasicBlock@5b9-6aa> -> [<cfg BasicBlock@18f-1a8>]
<cfg BasicBlock@62-6c> -> [<cfg BasicBlock@6d-77>, <cfg BasicBlock@259-260>]
<cfg BasicBlock@6ab-6b0> -> [<cfg BasicBlock@1be-1d3>]
<cfg BasicBlock@6b1-77c> -> [<cfg BasicBlock@77d-781>, <cfg BasicBlock@782-788>]
<cfg BasicBlock@6d-77> -> [<cfg BasicBlock@78-82>, <cfg BasicBlock@2b0-2b7>]
<cfg BasicBlock@77d-781> -> [<cfg BasicBlock@782-788>]
<cfg BasicBlock@782-788> -> [<cfg BasicBlock@789-78c>, <cfg BasicBlock@78d-84f>]
<cfg BasicBlock@78-82> -> [<cfg BasicBlock@83-8d>, <cfg BasicBlock@2e1-2e8>]
<cfg BasicBlock@789-78c> -> []
<cfg BasicBlock@78d-84f> -> [<cfg BasicBlock@850-8d9>, <cfg BasicBlock@8da-94a>]
<cfg BasicBlock@83-8d> -> [<cfg BasicBlock@8e-98>, <cfg BasicBlock@358-35f>]
<cfg BasicBlock@850-8d9> -> [<cfg BasicBlock@8da-94a>]
<cfg BasicBlock@8da-94a> -> [<cfg BasicBlock@23f-258>]
<cfg BasicBlock@8e-98> -> [<cfg BasicBlock@99-a3>, <cfg BasicBlock@3af-3b6>]
<cfg BasicBlock@94b-962> -> [<cfg BasicBlock@29a-2af>]
<cfg BasicBlock@963-975> -> [<cfg BasicBlock@2c5-2e0>]
<cfg BasicBlock@976-99a> -> [<cfg BasicBlock@342-357>]
<cfg BasicBlock@99-a3> -> [<cfg BasicBlock@a4-ae>, <cfg BasicBlock@43f-446>]
<cfg BasicBlock@99b-9e3> -> [<cfg BasicBlock@399-3ae>]
<cfg BasicBlock@9e4-a33> -> [<cfg BasicBlock@a34-a3b>, <cfg BasicBlock@a7a-a81>]
<cfg BasicBlock@a34-a3b> -> [<cfg BasicBlock@a3c-a4e>, <cfg BasicBlock@a4f-a5c>]
<cfg BasicBlock@a3c-a4e> -> [<cfg BasicBlock@a7a-a81>]
<cfg BasicBlock@a4-ae> -> [<cfg BasicBlock@af-b3>, <cfg BasicBlock@4a4-4ab>]
<cfg BasicBlock@a4f-a5c> -> [<cfg BasicBlock@a5d-a70>]
<cfg BasicBlock@a5d-a70> -> [<cfg BasicBlock@a5d-a70>, <cfg BasicBlock@a71-a79>]
<cfg BasicBlock@a71-a79> -> [<cfg BasicBlock@a7a-a81>]
<cfg BasicBlock@a7a-a81> -> [<cfg BasicBlock@3c4-3e7>]
<cfg BasicBlock@a82-acd> -> [<cfg BasicBlock@ace-ad1>, <cfg BasicBlock@ad2-bda>]
<cfg BasicBlock@ace-ad1> -> []
<cfg BasicBlock@ad2-bda> -> [<cfg BasicBlock@48a-4a3>]
<cfg BasicBlock@af-b3> -> []
<cfg BasicBlock@b4-bb> -> [<cfg BasicBlock@bc-bf>, <cfg BasicBlock@c0-c8>]
<cfg BasicBlock@bc-bf> -> []
<cfg BasicBlock@bdb-c61> -> [<cfg BasicBlock@505-51a>]
<cfg BasicBlock@c0-c8> -> [<cfg BasicBlock@51b-56a>]
<cfg BasicBlock@c62-c62> -> []
<cfg BasicBlock@c9-ec> -> [<cfg BasicBlock@ee-f6>]
<cfg BasicBlock@d-40> -> [<cfg BasicBlock@41-4b>, <cfg BasicBlock@b4-bb>]
<cfg BasicBlock@ee-f6> -> [<cfg BasicBlock@f7-108>, <cfg BasicBlock@109-11c>]
<cfg BasicBlock@f7-108> -> [<cfg BasicBlock@ee-f6>]
